#-----------------------------------------------------------
# Webtalk v2018.1 (64-bit)
# SW Build 2188600 on Wed Apr  4 18:40:38 MDT 2018
# IP Build 2185939 on Wed Apr  4 20:55:05 MDT 2018
# Start of session at: Tue Jun 11 00:41:42 2024
# Process ID: 37932
# Current directory: c:/Users/Lenovo/Desktop/CESE/CESE_MYS/TP_Final/Synthesis/Repositorios IP/FIR_Filter_EXTCLK_IP/ip_repo/edit_FIR_Filter_EXTCLK_v1_0.sim/sim_1/behav/xsim
# Command line: wbtcv.exe -mode batch -source c:/users/lenovo/desktop/cese/cese_mys/tp_final/synthesis/repositorios ip/fir_filter_extclk_ip/ip_repo/edit_FIR_Filter_EXTCLK_v1_0.sim/sim_1/behav/xsim/xsim.dir/FIR_Filter_EXTCLK_v1_0_behav/webtalk/xsim_webtalk.tcl -notrace
# Log file: c:/Users/Lenovo/Desktop/CESE/CESE_MYS/TP_Final/Synthesis/Repositorios IP/FIR_Filter_EXTCLK_IP/ip_repo/edit_FIR_Filter_EXTCLK_v1_0.sim/sim_1/behav/xsim/webtalk.log
# Journal file: c:/Users/Lenovo/Desktop/CESE/CESE_MYS/TP_Final/Synthesis/Repositorios IP/FIR_Filter_EXTCLK_IP/ip_repo/edit_FIR_Filter_EXTCLK_v1_0.sim/sim_1/behav/xsim\webtalk.jou
#-----------------------------------------------------------
source c:/users/lenovo/desktop/cese/cese_mys/tp_final/synthesis/repositorios -notrace
