Copyright 1986-2018 Xilinx, Inc. All Rights Reserved.
---------------------------------------------------------------------------------------------------------------------------------
| Tool Version : Vivado v.2018.1 (win64) Build 2188600 Wed Apr  4 18:40:38 MDT 2018
| Date         : Fri Jun 14 11:45:36 2024
| Host         : LAPTOP-66OF9HIK running 64-bit major release  (build 9200)
| Command      : report_drc -file System_wrapper_drc_opted.rpt -pb System_wrapper_drc_opted.pb -rpx System_wrapper_drc_opted.rpx
| Design       : System_wrapper
| Device       : xc7z010clg400-1
| Speed File   : -1
| Design State : Synthesized
---------------------------------------------------------------------------------------------------------------------------------

Report DRC

Table of Contents
-----------------
1. REPORT SUMMARY
2. REPORT DETAILS

1. REPORT SUMMARY
-----------------
            Netlist: netlist
          Floorplan: design_1
      Design limits: <entire design considered>
           Ruledeck: default
             Max violations: <unlimited>
             Violations found: 32
+--------+----------+------------------------+------------+
| Rule   | Severity | Description            | Violations |
+--------+----------+------------------------+------------+
| DPIP-1 | Warning  | Input pipelining       | 31         |
| DPOP-2 | Warning  | MREG Output pipelining | 1          |
+--------+----------+------------------------+------------+

2. REPORT DETAILS
-----------------
DPIP-1#1 Warning
Input pipelining  
DSP System_i/FIR_Filter_EXTCLK_0/U0/FIR_Filter_EXTCLK_v1_0_S_AXI_inst/UUT/UUT/accumulator0 input System_i/FIR_Filter_EXTCLK_0/U0/FIR_Filter_EXTCLK_v1_0_S_AXI_inst/UUT/UUT/accumulator0/B[17:0] is not pipelined. Pipelining DSP48 input will improve performance.
Related violations: <none>

DPIP-1#2 Warning
Input pipelining  
DSP System_i/FIR_Filter_EXTCLK_0/U0/FIR_Filter_EXTCLK_v1_0_S_AXI_inst/UUT/UUT/accumulator0__0 input System_i/FIR_Filter_EXTCLK_0/U0/FIR_Filter_EXTCLK_v1_0_S_AXI_inst/UUT/UUT/accumulator0__0/B[17:0] is not pipelined. Pipelining DSP48 input will improve performance.
Related violations: <none>

DPIP-1#3 Warning
Input pipelining  
DSP System_i/FIR_Filter_EXTCLK_0/U0/FIR_Filter_EXTCLK_v1_0_S_AXI_inst/UUT/UUT/accumulator0__1 input System_i/FIR_Filter_EXTCLK_0/U0/FIR_Filter_EXTCLK_v1_0_S_AXI_inst/UUT/UUT/accumulator0__1/B[17:0] is not pipelined. Pipelining DSP48 input will improve performance.
Related violations: <none>

DPIP-1#4 Warning
Input pipelining  
DSP System_i/FIR_Filter_EXTCLK_0/U0/FIR_Filter_EXTCLK_v1_0_S_AXI_inst/UUT/UUT/accumulator0__10 input System_i/FIR_Filter_EXTCLK_0/U0/FIR_Filter_EXTCLK_v1_0_S_AXI_inst/UUT/UUT/accumulator0__10/B[17:0] is not pipelined. Pipelining DSP48 input will improve performance.
Related violations: <none>

DPIP-1#5 Warning
Input pipelining  
DSP System_i/FIR_Filter_EXTCLK_0/U0/FIR_Filter_EXTCLK_v1_0_S_AXI_inst/UUT/UUT/accumulator0__11 input System_i/FIR_Filter_EXTCLK_0/U0/FIR_Filter_EXTCLK_v1_0_S_AXI_inst/UUT/UUT/accumulator0__11/B[17:0] is not pipelined. Pipelining DSP48 input will improve performance.
Related violations: <none>

DPIP-1#6 Warning
Input pipelining  
DSP System_i/FIR_Filter_EXTCLK_0/U0/FIR_Filter_EXTCLK_v1_0_S_AXI_inst/UUT/UUT/accumulator0__12 input System_i/FIR_Filter_EXTCLK_0/U0/FIR_Filter_EXTCLK_v1_0_S_AXI_inst/UUT/UUT/accumulator0__12/B[17:0] is not pipelined. Pipelining DSP48 input will improve performance.
Related violations: <none>

DPIP-1#7 Warning
Input pipelining  
DSP System_i/FIR_Filter_EXTCLK_0/U0/FIR_Filter_EXTCLK_v1_0_S_AXI_inst/UUT/UUT/accumulator0__13 input System_i/FIR_Filter_EXTCLK_0/U0/FIR_Filter_EXTCLK_v1_0_S_AXI_inst/UUT/UUT/accumulator0__13/B[17:0] is not pipelined. Pipelining DSP48 input will improve performance.
Related violations: <none>

DPIP-1#8 Warning
Input pipelining  
DSP System_i/FIR_Filter_EXTCLK_0/U0/FIR_Filter_EXTCLK_v1_0_S_AXI_inst/UUT/UUT/accumulator0__14 input System_i/FIR_Filter_EXTCLK_0/U0/FIR_Filter_EXTCLK_v1_0_S_AXI_inst/UUT/UUT/accumulator0__14/B[17:0] is not pipelined. Pipelining DSP48 input will improve performance.
Related violations: <none>

DPIP-1#9 Warning
Input pipelining  
DSP System_i/FIR_Filter_EXTCLK_0/U0/FIR_Filter_EXTCLK_v1_0_S_AXI_inst/UUT/UUT/accumulator0__15 input System_i/FIR_Filter_EXTCLK_0/U0/FIR_Filter_EXTCLK_v1_0_S_AXI_inst/UUT/UUT/accumulator0__15/B[17:0] is not pipelined. Pipelining DSP48 input will improve performance.
Related violations: <none>

DPIP-1#10 Warning
Input pipelining  
DSP System_i/FIR_Filter_EXTCLK_0/U0/FIR_Filter_EXTCLK_v1_0_S_AXI_inst/UUT/UUT/accumulator0__16 input System_i/FIR_Filter_EXTCLK_0/U0/FIR_Filter_EXTCLK_v1_0_S_AXI_inst/UUT/UUT/accumulator0__16/B[17:0] is not pipelined. Pipelining DSP48 input will improve performance.
Related violations: <none>

DPIP-1#11 Warning
Input pipelining  
DSP System_i/FIR_Filter_EXTCLK_0/U0/FIR_Filter_EXTCLK_v1_0_S_AXI_inst/UUT/UUT/accumulator0__17 input System_i/FIR_Filter_EXTCLK_0/U0/FIR_Filter_EXTCLK_v1_0_S_AXI_inst/UUT/UUT/accumulator0__17/B[17:0] is not pipelined. Pipelining DSP48 input will improve performance.
Related violations: <none>

DPIP-1#12 Warning
Input pipelining  
DSP System_i/FIR_Filter_EXTCLK_0/U0/FIR_Filter_EXTCLK_v1_0_S_AXI_inst/UUT/UUT/accumulator0__18 input System_i/FIR_Filter_EXTCLK_0/U0/FIR_Filter_EXTCLK_v1_0_S_AXI_inst/UUT/UUT/accumulator0__18/B[17:0] is not pipelined. Pipelining DSP48 input will improve performance.
Related violations: <none>

DPIP-1#13 Warning
Input pipelining  
DSP System_i/FIR_Filter_EXTCLK_0/U0/FIR_Filter_EXTCLK_v1_0_S_AXI_inst/UUT/UUT/accumulator0__19 input System_i/FIR_Filter_EXTCLK_0/U0/FIR_Filter_EXTCLK_v1_0_S_AXI_inst/UUT/UUT/accumulator0__19/B[17:0] is not pipelined. Pipelining DSP48 input will improve performance.
Related violations: <none>

DPIP-1#14 Warning
Input pipelining  
DSP System_i/FIR_Filter_EXTCLK_0/U0/FIR_Filter_EXTCLK_v1_0_S_AXI_inst/UUT/UUT/accumulator0__2 input System_i/FIR_Filter_EXTCLK_0/U0/FIR_Filter_EXTCLK_v1_0_S_AXI_inst/UUT/UUT/accumulator0__2/B[17:0] is not pipelined. Pipelining DSP48 input will improve performance.
Related violations: <none>

DPIP-1#15 Warning
Input pipelining  
DSP System_i/FIR_Filter_EXTCLK_0/U0/FIR_Filter_EXTCLK_v1_0_S_AXI_inst/UUT/UUT/accumulator0__20 input System_i/FIR_Filter_EXTCLK_0/U0/FIR_Filter_EXTCLK_v1_0_S_AXI_inst/UUT/UUT/accumulator0__20/B[17:0] is not pipelined. Pipelining DSP48 input will improve performance.
Related violations: <none>

DPIP-1#16 Warning
Input pipelining  
DSP System_i/FIR_Filter_EXTCLK_0/U0/FIR_Filter_EXTCLK_v1_0_S_AXI_inst/UUT/UUT/accumulator0__21 input System_i/FIR_Filter_EXTCLK_0/U0/FIR_Filter_EXTCLK_v1_0_S_AXI_inst/UUT/UUT/accumulator0__21/B[17:0] is not pipelined. Pipelining DSP48 input will improve performance.
Related violations: <none>

DPIP-1#17 Warning
Input pipelining  
DSP System_i/FIR_Filter_EXTCLK_0/U0/FIR_Filter_EXTCLK_v1_0_S_AXI_inst/UUT/UUT/accumulator0__22 input System_i/FIR_Filter_EXTCLK_0/U0/FIR_Filter_EXTCLK_v1_0_S_AXI_inst/UUT/UUT/accumulator0__22/B[17:0] is not pipelined. Pipelining DSP48 input will improve performance.
Related violations: <none>

DPIP-1#18 Warning
Input pipelining  
DSP System_i/FIR_Filter_EXTCLK_0/U0/FIR_Filter_EXTCLK_v1_0_S_AXI_inst/UUT/UUT/accumulator0__23 input System_i/FIR_Filter_EXTCLK_0/U0/FIR_Filter_EXTCLK_v1_0_S_AXI_inst/UUT/UUT/accumulator0__23/B[17:0] is not pipelined. Pipelining DSP48 input will improve performance.
Related violations: <none>

DPIP-1#19 Warning
Input pipelining  
DSP System_i/FIR_Filter_EXTCLK_0/U0/FIR_Filter_EXTCLK_v1_0_S_AXI_inst/UUT/UUT/accumulator0__24 input System_i/FIR_Filter_EXTCLK_0/U0/FIR_Filter_EXTCLK_v1_0_S_AXI_inst/UUT/UUT/accumulator0__24/B[17:0] is not pipelined. Pipelining DSP48 input will improve performance.
Related violations: <none>

DPIP-1#20 Warning
Input pipelining  
DSP System_i/FIR_Filter_EXTCLK_0/U0/FIR_Filter_EXTCLK_v1_0_S_AXI_inst/UUT/UUT/accumulator0__25 input System_i/FIR_Filter_EXTCLK_0/U0/FIR_Filter_EXTCLK_v1_0_S_AXI_inst/UUT/UUT/accumulator0__25/B[17:0] is not pipelined. Pipelining DSP48 input will improve performance.
Related violations: <none>

DPIP-1#21 Warning
Input pipelining  
DSP System_i/FIR_Filter_EXTCLK_0/U0/FIR_Filter_EXTCLK_v1_0_S_AXI_inst/UUT/UUT/accumulator0__26 input System_i/FIR_Filter_EXTCLK_0/U0/FIR_Filter_EXTCLK_v1_0_S_AXI_inst/UUT/UUT/accumulator0__26/B[17:0] is not pipelined. Pipelining DSP48 input will improve performance.
Related violations: <none>

DPIP-1#22 Warning
Input pipelining  
DSP System_i/FIR_Filter_EXTCLK_0/U0/FIR_Filter_EXTCLK_v1_0_S_AXI_inst/UUT/UUT/accumulator0__27 input System_i/FIR_Filter_EXTCLK_0/U0/FIR_Filter_EXTCLK_v1_0_S_AXI_inst/UUT/UUT/accumulator0__27/B[17:0] is not pipelined. Pipelining DSP48 input will improve performance.
Related violations: <none>

DPIP-1#23 Warning
Input pipelining  
DSP System_i/FIR_Filter_EXTCLK_0/U0/FIR_Filter_EXTCLK_v1_0_S_AXI_inst/UUT/UUT/accumulator0__28 input System_i/FIR_Filter_EXTCLK_0/U0/FIR_Filter_EXTCLK_v1_0_S_AXI_inst/UUT/UUT/accumulator0__28/B[17:0] is not pipelined. Pipelining DSP48 input will improve performance.
Related violations: <none>

DPIP-1#24 Warning
Input pipelining  
DSP System_i/FIR_Filter_EXTCLK_0/U0/FIR_Filter_EXTCLK_v1_0_S_AXI_inst/UUT/UUT/accumulator0__3 input System_i/FIR_Filter_EXTCLK_0/U0/FIR_Filter_EXTCLK_v1_0_S_AXI_inst/UUT/UUT/accumulator0__3/B[17:0] is not pipelined. Pipelining DSP48 input will improve performance.
Related violations: <none>

DPIP-1#25 Warning
Input pipelining  
DSP System_i/FIR_Filter_EXTCLK_0/U0/FIR_Filter_EXTCLK_v1_0_S_AXI_inst/UUT/UUT/accumulator0__4 input System_i/FIR_Filter_EXTCLK_0/U0/FIR_Filter_EXTCLK_v1_0_S_AXI_inst/UUT/UUT/accumulator0__4/B[17:0] is not pipelined. Pipelining DSP48 input will improve performance.
Related violations: <none>

DPIP-1#26 Warning
Input pipelining  
DSP System_i/FIR_Filter_EXTCLK_0/U0/FIR_Filter_EXTCLK_v1_0_S_AXI_inst/UUT/UUT/accumulator0__5 input System_i/FIR_Filter_EXTCLK_0/U0/FIR_Filter_EXTCLK_v1_0_S_AXI_inst/UUT/UUT/accumulator0__5/B[17:0] is not pipelined. Pipelining DSP48 input will improve performance.
Related violations: <none>

DPIP-1#27 Warning
Input pipelining  
DSP System_i/FIR_Filter_EXTCLK_0/U0/FIR_Filter_EXTCLK_v1_0_S_AXI_inst/UUT/UUT/accumulator0__6 input System_i/FIR_Filter_EXTCLK_0/U0/FIR_Filter_EXTCLK_v1_0_S_AXI_inst/UUT/UUT/accumulator0__6/B[17:0] is not pipelined. Pipelining DSP48 input will improve performance.
Related violations: <none>

DPIP-1#28 Warning
Input pipelining  
DSP System_i/FIR_Filter_EXTCLK_0/U0/FIR_Filter_EXTCLK_v1_0_S_AXI_inst/UUT/UUT/accumulator0__7 input System_i/FIR_Filter_EXTCLK_0/U0/FIR_Filter_EXTCLK_v1_0_S_AXI_inst/UUT/UUT/accumulator0__7/B[17:0] is not pipelined. Pipelining DSP48 input will improve performance.
Related violations: <none>

DPIP-1#29 Warning
Input pipelining  
DSP System_i/FIR_Filter_EXTCLK_0/U0/FIR_Filter_EXTCLK_v1_0_S_AXI_inst/UUT/UUT/accumulator0__8 input System_i/FIR_Filter_EXTCLK_0/U0/FIR_Filter_EXTCLK_v1_0_S_AXI_inst/UUT/UUT/accumulator0__8/B[17:0] is not pipelined. Pipelining DSP48 input will improve performance.
Related violations: <none>

DPIP-1#30 Warning
Input pipelining  
DSP System_i/FIR_Filter_EXTCLK_0/U0/FIR_Filter_EXTCLK_v1_0_S_AXI_inst/UUT/UUT/accumulator0__9 input System_i/FIR_Filter_EXTCLK_0/U0/FIR_Filter_EXTCLK_v1_0_S_AXI_inst/UUT/UUT/accumulator0__9/B[17:0] is not pipelined. Pipelining DSP48 input will improve performance.
Related violations: <none>

DPIP-1#31 Warning
Input pipelining  
DSP System_i/FIR_Filter_EXTCLK_0/U0/FIR_Filter_EXTCLK_v1_0_S_AXI_inst/UUT/UUT/accumulator1 input System_i/FIR_Filter_EXTCLK_0/U0/FIR_Filter_EXTCLK_v1_0_S_AXI_inst/UUT/UUT/accumulator1/B[17:0] is not pipelined. Pipelining DSP48 input will improve performance.
Related violations: <none>

DPOP-2#1 Warning
MREG Output pipelining  
DSP System_i/FIR_Filter_EXTCLK_0/U0/FIR_Filter_EXTCLK_v1_0_S_AXI_inst/UUT/UUT/accumulator0__28 multiplier stage System_i/FIR_Filter_EXTCLK_0/U0/FIR_Filter_EXTCLK_v1_0_S_AXI_inst/UUT/UUT/accumulator0__28/P[47:0] is not pipelined (MREG=0). Pipelining the multiplier function will improve performance and will save significant power so it is suggested whenever possible to fully pipeline this function.  If this multiplier was inferred, it is suggested to describe an additional register stage after this function.  If there is no registered adder/accumulator following the multiply function, two pipeline stages are suggested to allow both the MREG and PREG registers to be used.  If the DSP48 was instantiated in the design, it is suggested to set both the MREG and PREG attributes to 1 when performing multiply functions.
Related violations: <none>


